python : ..F
At line:1 char:1
+ python -m unittest 
tests/test_surplus.py > 
test_output.txt 2>&1
+ ~~~~~~~~~~~~~~~~~~~~~~~~~~
~~~~~~~~~~~~~~~~~~~~~~~~~~~~
~~~~~~~~~
    + CategoryInfo          
    : NotSpecified: (..F:S  
  tring) [], RemoteExcept   
 ion
    + FullyQualifiedErrorId 
    : NativeCommandError
 
============================
============================
==============
FAIL: test_synergy_and_risk 
(tests.test_surplus.TestSurp
lusEngine.test_synergy_and_r
isk)
----------------------------
----------------------------
--------------
Traceback (most recent call 
last):
  File "C:\Users\galan\agent
_payments\tests\test_surplus
.py", line 68, in 
test_synergy_and_risk
    self.assertAlmostEqual(p
ool.total_surplus, 
392.4242, places=4)
    ~~~~~~~~~~~~~~~~~~~~~~^^
^^^^^^^^^^^^^^^^^^^^^^^^^^^^
^^^^^^^^^^
AssertionError: 296.9591 != 
392.4242 within 4 places 
(95.4651 difference)

----------------------------
----------------------------
--------------
Ran 3 tests in 0.002s

FAILED (failures=1)
